---
source: src/cli/auth/tests/mod.rs
expression: rendered
---
┌───────────┬────────────────────────────────────┬──────┬───────────┬────────────┐
│ NAME      ┆ URL                                ┆ ENV  ┆ AUTH      ┆ STATUS     │
╞═══════════╪════════════════════════════════════╪══════╪═══════════╪════════════╡
│ * default ┆ https://acme.atlassian.net         ┆ -    ┆ api_token ┆ configured │
│   sandbox ┆ https://acme-sandbox.atlassian.net ┆ prod ┆ oauth     ┆ configured │
│   staging ┆ https://acme-staging.atlassian.net ┆      ┆ api_token ┆ configured │
└───────────┴────────────────────────────────────┴──────┴───────────┴────────────┘
