---
source: src/adf.rs
expression: adf
---
{
  "content": [
    {
      "attrs": {
        "level": 2
      },
      "content": [
        {
          "text": "Root cause",
          "type": "text"
        }
      ],
      "type": "heading"
    },
    {
      "content": [
        {
          "text": "The auth module had a ",
          "type": "text"
        },
        {
          "marks": [
            {
              "type": "strong"
            }
          ],
          "text": "critical bug",
          "type": "text"
        },
        {
          "text": " in ",
          "type": "text"
        },
        {
          "marks": [
            {
              "type": "code"
            }
          ],
          "text": "validate_token",
          "type": "text"
        },
        {
          "text": ".",
          "type": "text"
        }
      ],
      "type": "paragraph"
    },
    {
      "content": [
        {
          "content": [
            {
              "content": [
                {
                  "text": "Missing null check",
                  "type": "text"
                }
              ],
              "type": "paragraph"
            }
          ],
          "type": "listItem"
        },
        {
          "content": [
            {
              "content": [
                {
                  "text": "Wrong error type",
                  "type": "text"
                }
              ],
              "type": "paragraph"
            }
          ],
          "type": "listItem"
        }
      ],
      "type": "bulletList"
    },
    {
      "content": [
        {
          "text": "fn validate() -> bool {\n    true\n}",
          "type": "text"
        }
      ],
      "type": "codeBlock"
    }
  ],
  "type": "doc",
  "version": 1
}
